// Jest Snapshot v1, https://goo.gl/fbAQLP

exports[`Modal should render as <Modal> when mocked 1`] = `
<Modal
  hardwareAccelerated={false}
  visible={true}
>
  <View />
</Modal>
`;

exports[`Modal should render as <RCTModalHostView> when not mocked 1`] = `null`;
